MPLINK 4.35, Linker
Linker Map File - Created Sat May 12 23:06:38 2018

                                 Section Info
                  Section       Type    Address   Location Size(Bytes)
                ---------  ---------  ---------  ---------  ---------
                   .org_0       code   0x000000    program   0x000000
                   .org_1       code   0x000000    program   0x000050
 .config_2007_PISCALED3.O       code   0x002007    program   0x000002



                              Program Memory Usage 
                               Start         End      
                           ---------   ---------      
                            0x000000    0x000027      
                            0x002007    0x002007      
            41 out of 2183 program addresses used, program memory utilization is 1%



                              Symbols - Sorted by Name
                     Name    Address   Location    Storage File                     
                ---------  ---------  ---------  --------- ---------                
                   ATRASO   0x00000b    program     static C:\Users\Lu\Documents\piscaled3.asm
                  ATRASO1   0x00000d    program     static C:\Users\Lu\Documents\piscaled3.asm
                  ATRASO2   0x00000f    program     static C:\Users\Lu\Documents\piscaled3.asm
                  ATRASO3   0x000011    program     static C:\Users\Lu\Documents\piscaled3.asm
                     FOR1   0x000019    program     static C:\Users\Lu\Documents\piscaled3.asm
                     FOR2   0x00001b    program     static C:\Users\Lu\Documents\piscaled3.asm
                     FOR3   0x00001f    program     static C:\Users\Lu\Documents\piscaled3.asm
                     FOR4   0x000021    program     static C:\Users\Lu\Documents\piscaled3.asm
                   INICIO   0x000001    program     static C:\Users\Lu\Documents\piscaled3.asm
                   REPETE   0x000006    program     static C:\Users\Lu\Documents\piscaled3.asm



                              Symbols - Sorted by Address
                     Name    Address   Location    Storage File                     
                ---------  ---------  ---------  --------- ---------                
                   INICIO   0x000001    program     static C:\Users\Lu\Documents\piscaled3.asm
                   REPETE   0x000006    program     static C:\Users\Lu\Documents\piscaled3.asm
                   ATRASO   0x00000b    program     static C:\Users\Lu\Documents\piscaled3.asm
                  ATRASO1   0x00000d    program     static C:\Users\Lu\Documents\piscaled3.asm
                  ATRASO2   0x00000f    program     static C:\Users\Lu\Documents\piscaled3.asm
                  ATRASO3   0x000011    program     static C:\Users\Lu\Documents\piscaled3.asm
                     FOR1   0x000019    program     static C:\Users\Lu\Documents\piscaled3.asm
                     FOR2   0x00001b    program     static C:\Users\Lu\Documents\piscaled3.asm
                     FOR3   0x00001f    program     static C:\Users\Lu\Documents\piscaled3.asm
                     FOR4   0x000021    program     static C:\Users\Lu\Documents\piscaled3.asm


